node.exe : npm warn Unknown env config "devdir". This will stop working in the next major version of npm. See `npm 
help npmrc` for supported config options.
At line:1 char:1
+ & "D:\Program Files\nodejs/node.exe" "D:\Program Files\nodejs/node_mo ...
+ ~~~~~~~~~~~~~~~~~~~~~~~~~~~~~~~~~~~~~~~~~~~~~~~~~~~~~~~~~~~~~~~~~~~~~
    + CategoryInfo          : NotSpecified: (npm warn Unknow...config options.:String) [], RemoteException
    + FullyQualifiedErrorId : NativeCommandError
 

> glow-app@0.1.0 build
> next build

Γû▓ Next.js 16.2.10 (Turbopack)
- Environments: .env.local

  Creating an optimized production build ...
Γ£ô Compiled successfully in 25.1s
  Running TypeScript ...
Failed to type check.

./src/features/circles/messaging/CircleMessagingService.ts:331:26
Type error: Cannot find name 'submitMessageReport'.

  [90m329 |[0m     }
  [90m330 |[0m
[31m[1m>[0m [90m331 |[0m     [36mconst[0m result = [36mawait[0m submitMessageReport([36mthis[0m.supabase, {
  [90m    |[0m                          [31m[1m^[0m
  [90m332 |[0m       reporterParentId: [36mthis[0m.parentId,
  [90m333 |[0m       messageId: input.messageId,
  [90m334 |[0m       circleId: [36mthis[0m.circleId,
Next.js build worker exited with code: 1 and signal: null
