node.exe : npm warn Unknown env config "devdir". This will stop working in the next major version of npm. See `npm 
help npmrc` for supported config options.
At line:1 char:1
+ & "D:\Program Files\nodejs/node.exe" "D:\Program Files\nodejs/node_mo ...
+ ~~~~~~~~~~~~~~~~~~~~~~~~~~~~~~~~~~~~~~~~~~~~~~~~~~~~~~~~~~~~~~~~~~~~~
    + CategoryInfo          : NotSpecified: (npm warn Unknow...config options.:String) [], RemoteException
    + FullyQualifiedErrorId : NativeCommandError
 

> glow-app@0.1.0 test
> node --experimental-strip-types --test "src/**/*.test.ts"

(node:15428) [MODULE_TYPELESS_PACKAGE_JSON] Warning: Module type of file:///D:/Projects/glow-app/src/features/circles/assignment/assignmentLogic.test.ts is not specified and it doesn't parse as CommonJS.
Reparsing as ES module because module syntax was detected. This incurs a performance overhead.
To eliminate this warning, add "type": "module" to \\?\D:\Projects\glow-app\package.json.
(Use `node --trace-warnings ...` to show where the warning was created)
Γû╢ computeBabyAgeMonths
  Γ£ö uses DOB when present (1.2722ms)
  Γ£ö returns 0 for future due date (0.3035ms)
  Γ£ö uses due date when past and DOB missing (0.2308ms)
  Γ£ö returns null when no baby dates (0.1857ms)
  Γ£ö clamps negative ages to zero (0.2004ms)
Γ£ö computeBabyAgeMonths (4.0041ms)
Γû╢ ruleMatchesParent
  Γ£ö matches wildcard rules (0.3284ms)
  Γ£ö respects state and feeding constraints (0.241ms)
  Γ£ö requires baby age for age-specific rules (0.2514ms)
  Γ£ö handles baby-age boundary values (0.3818ms)
Γ£ö ruleMatchesParent (2.4473ms)
Γû╢ rule priority and specificity
  Γ£ö selects lower priority number first (1.2652ms)
  Γ£ö prefers more specific rules at equal priority (0.2976ms)
Γ£ö rule priority and specificity (1.8367ms)
Γû╢ capacity and circle status
  Γ£ö skips full circles (0.2372ms)
  Γ£ö ignores inactive members in counts (0.2116ms)
  Γ£ö only considers active circles with capacity (0.1372ms)
Γ£ö capacity and circle status (0.7738ms)
Γû╢ tie-breaking
  Γ£ö prefers fuller circle, then oldest, then id (31.3869ms)
Γ£ö tie-breaking (31.5456ms)
Γû╢ simulateAssignment
  Γ£ö returns existing membership unchanged (1.4734ms)
  Γ£ö prefers existing circle over creating new (0.2489ms)
  Γ£ö creates only when no circle has capacity (0.2998ms)
  Γ£ö is idempotent on repeated invocation (0.2063ms)
  Γ£ö concurrent-style duplicate guard via existing membership lookup (0.1378ms)
Γ£ö simulateAssignment (2.7717ms)
Γû╢ privacy-safe naming
  Γ£ö never includes suburb or email (0.3809ms)
Γ£ö privacy-safe naming (0.5049ms)
Γû╢ deriveAgeBandForNewCircle
  Γ£ö falls back when no template (0.2252ms)
Γ£ö deriveAgeBandForNewCircle (0.321ms)
(node:22404) [MODULE_TYPELESS_PACKAGE_JSON] Warning: Module type of file:///D:/Projects/glow-app/src/features/circles/messaging/messageLogic.test.ts is not specified and it doesn't parse as CommonJS.
Reparsing as ES module because module syntax was detected. This incurs a performance overhead.
To eliminate this warning, add "type": "module" to \\?\D:\Projects\glow-app\package.json.
(Use `node --trace-warnings ...` to show where the warning was created)
Γû╢ prepareMessageBody
  Γ£ö rejects empty and whitespace-only input (1.18ms)
  Γ£ö trims whitespace (0.2413ms)
  Γ£ö rejects oversized messages (0.1931ms)
Γ£ö prepareMessageBody (3.0569ms)
Γû╢ ordering
  Γ£ö orders by createdAt then id (1.2ms)
Γ£ö ordering (1.4408ms)
Γû╢ optimistic reconciliation
  Γ£ö reconciles optimistic message without duplication (0.4844ms)
  Γ£ö reconciles realtime payload onto matching optimistic row (1.3575ms)
  Γ£ö dedupes realtime insert against existing confirmed id (0.2576ms)
  Γ£ö rejects messages from another circle (0.2592ms)
Γ£ö optimistic reconciliation (2.8174ms)
Γû╢ failed retry state
  Γ£ö marks a message failed and keeps the body (0.2998ms)
Γ£ö failed retry state (0.4795ms)
Γû╢ pagination merge
  Γ£ö prepends older messages without duplicates (5.3453ms)
Γ£ö pagination merge (5.5313ms)
Γû╢ subscription lifecycle helpers
  Γ£ö cleans up active circle on stop (2.3472ms)
  Γ£ö filters another circle and duplicate ids (0.5596ms)
Γ£ö subscription lifecycle helpers (3.0896ms)
(node:19144) [MODULE_TYPELESS_PACKAGE_JSON] Warning: Module type of file:///D:/Projects/glow-app/src/features/circles/messaging/presenceLogic.test.ts is not specified and it doesn't parse as CommonJS.
Reparsing as ES module because module syntax was detected. This incurs a performance overhead.
To eliminate this warning, add "type": "module" to \\?\D:\Projects\glow-app\package.json.
(Use `node --trace-warnings ...` to show where the warning was created)
Γû╢ timing constants
  Γ£ö uses restrained typing intervals (2.3639ms)
Γ£ö timing constants (3.7344ms)
Γû╢ unique presence
  Γ£ö counts unique parents rather than raw sessions (0.5252ms)
Γ£ö unique presence (0.7037ms)
Γû╢ online copy
  Γ£ö stays calm when alone (0.4398ms)
  Γ£ö can preview one other parent (0.2841ms)
Γ£ö online copy (1.0022ms)
Γû╢ typing indicators
  Γ£ö excludes the current user from typing display (0.5145ms)
  Γ£ö deduplicates repeated typing events (0.3529ms)
  Γ£ö clears stale typing users (3.4183ms)
  Γ£ö stops typing when typing=false is received (0.2406ms)
  Γ£ö ignores typing from another circle (0.2535ms)
  Γ£ö collapses larger typing groups (0.344ms)
Γ£ö typing indicators (5.7328ms)
Γû╢ circle scoping
  Γ£ö ignores presence events for another circle (0.2537ms)
Γ£ö circle scoping (0.4035ms)
Γû╢ reconnect backoff
  Γ£ö grows then caps (0.5835ms)
Γ£ö reconnect backoff (0.7026ms)
(node:32488) [MODULE_TYPELESS_PACKAGE_JSON] Warning: Module type of file:///D:/Projects/glow-app/src/features/circles/prompts/promptLibrary.test.ts is not specified and it doesn't parse as CommonJS.
Reparsing as ES module because module syntax was detected. This incurs a performance overhead.
To eliminate this warning, add "type": "module" to \\?\D:\Projects\glow-app\package.json.
(Use `node --trace-warnings ...` to show where the warning was created)
Γû╢ selectLibraryIndex
  Γ£ö returns the same index for the same circle and date (1.1565ms)
  Γ£ö can change when the calendar date changes (3.1981ms)
  Γ£ö scopes selection per circle (0.2258ms)
Γ£ö selectLibraryIndex (6.2676ms)
Γû╢ selectPromptFromLibrary
  Γ£ö returns a stable prompt for a circle and date (3.6104ms)
  Γ£ö falls back when library is empty (0.1984ms)
Γ£ö selectPromptFromLibrary (4.1407ms)
Γû╢ australianPromptDateString
  Γ£û uses Australia/Sydney for late UTC evening (1094.6032ms)
  Γ£û rolls forward across Sydney midnight (0.4113ms)
Γ£û australianPromptDateString (1095.3103ms)
Γû╢ normalizeDailyPrompt
  Γ£ö returns null when inactive payload is missing text (0.4457ms)
  Γ£ö normalizes active prompt rows (1.2583ms)
Γ£ö normalizeDailyPrompt (2.0315ms)
(node:2332) [MODULE_TYPELESS_PACKAGE_JSON] Warning: Module type of file:///D:/Projects/glow-app/src/features/circles/reactions/reactionLogic.test.ts is not specified and it doesn't parse as CommonJS.
Reparsing as ES module because module syntax was detected. This incurs a performance overhead.
To eliminate this warning, add "type": "module" to \\?\D:\Projects\glow-app\package.json.
(Use `node --trace-warnings ...` to show where the warning was created)
Γû╢ supported reaction types
  Γ£ö allows only curated types (2.9862ms)
Γ£ö supported reaction types (4.4692ms)
Γû╢ aggregateReactions
  Γ£ö aggregates counts and viewer selection (0.3297ms)
  Γ£ö prevents duplicate identical reactions in aggregation input (0.3005ms)
Γ£ö aggregateReactions (0.9012ms)
Γû╢ toggle optimistic reactions
  Γ£ö adds and removes viewer reaction (0.4982ms)
  Γ£ö rolls back by restoring prior map (0.4119ms)
Γ£ö toggle optimistic reactions (1.1949ms)
Γû╢ reaction row helpers
  Γ£ö replaces optimistic row id with confirmed row (0.3613ms)
  Γ£ö finds viewer reaction row (0.4188ms)
Γ£ö reaction row helpers (1.1336ms)
Γû╢ canReactToMessage
  Γ£ö rejects cross-circle and non-confirmed messages (0.2299ms)
Γ£ö canReactToMessage (0.3749ms)
Γû╢ realtime dedupe
  Γ£ö does not double-count identical row ids (0.2929ms)
Γ£ö realtime dedupe (0.4218ms)
(node:36436) [MODULE_TYPELESS_PACKAGE_JSON] Warning: Module type of file:///D:/Projects/glow-app/src/features/circles/reactions/readStateLogic.test.ts is not specified and it doesn't parse as CommonJS.
Reparsing as ES module because module syntax was detected. This incurs a performance overhead.
To eliminate this warning, add "type": "module" to \\?\D:\Projects\glow-app\package.json.
(Use `node --trace-warnings ...` to show where the warning was created)
Γû╢ unread derivation
  Γ£ö counts messages after marker (2.4089ms)
  Γ£ö returns zero when no marker (0.3915ms)
  Γ£ö formats calm unread hints (0.5907ms)
Γ£ö unread derivation (4.9454ms)
Γû╢ shouldAdvanceReadMarker
  Γ£ö does not advance on page load alone (0.4468ms)
  Γ£ö advances near bottom when visible (3.5635ms)
  Γ£ö does not advance in hidden tab (0.5573ms)
  Γ£ö never moves marker backwards (0.3106ms)
Γ£ö shouldAdvanceReadMarker (5.8099ms)
Γû╢ monotonic multi-device merge
  Γ£ö keeps the furthest read marker (1.7867ms)
Γ£ö monotonic multi-device merge (2.5375ms)
Γû╢ first unread positioning
  Γ£ö scrolls to first unread when present (0.4143ms)
Γ£ö first unread positioning (2.1714ms)
Γû╢ missing marker fallback
  Γ£ö does not count all historical messages when marker missing (0.3571ms)
Γ£ö missing marker fallback (0.4929ms)
Γû╢ circle scoping via marker usage
  Γ£ö only counts provided message list (0.1887ms)
Γ£ö circle scoping via marker usage (0.2847ms)
(node:28008) [MODULE_TYPELESS_PACKAGE_JSON] Warning: Module type of file:///D:/Projects/glow-app/src/features/circles/safety/hideLogic.test.ts is not specified and it doesn't parse as CommonJS.
Reparsing as ES module because module syntax was detected. This incurs a performance overhead.
To eliminate this warning, add "type": "module" to \\?\D:\Projects\glow-app\package.json.
(Use `node --trace-warnings ...` to show where the warning was created)
Γû╢ filterVisibleMessages
  Γ£ö returns all messages when nothing is hidden (1.3215ms)
  Γ£ö hides only the selected message for the current user (0.8649ms)
  Γ£ö keeps hidden messages excluded after new realtime rows arrive (0.5326ms)
Γ£ö filterVisibleMessages (4.3236ms)
Γû╢ hidden id helpers
  Γ£ö supports unhide when implemented (0.2495ms)
Γ£ö hidden id helpers (0.4615ms)
(node:4712) [MODULE_TYPELESS_PACKAGE_JSON] Warning: Module type of file:///D:/Projects/glow-app/src/features/circles/safety/reportLogic.test.ts is not specified and it doesn't parse as CommonJS.
Reparsing as ES module because module syntax was detected. This incurs a performance overhead.
To eliminate this warning, add "type": "module" to \\?\D:\Projects\glow-app\package.json.
(Use `node --trace-warnings ...` to show where the warning was created)
Γû╢ isReportReason
  Γ£ö accepts supported reasons (0.7496ms)
  Γ£ö rejects unknown reasons (0.1438ms)
Γ£ö isReportReason (2.0174ms)
Γû╢ validateReportNote
  Γ£ö allows empty notes (0.9503ms)
  Γ£ö trims and keeps short notes (0.1944ms)
  Γ£ö rejects notes over the limit (1.1001ms)
Γ£ö validateReportNote (2.5753ms)
Γû╢ canReportMessage
  Γ£ö allows active members to report confirmed messages from others (0.2952ms)
  Γ£ö rejects cross-circle reports (0.1659ms)
  Γ£ö rejects duplicate optimistic or own messages (0.1692ms)
Γ£ö canReportMessage (0.9316ms)
Γä╣ tests 87
Γä╣ suites 41
Γä╣ pass 85
Γä╣ fail 2
Γä╣ cancelled 0
Γä╣ skipped 0
Γä╣ todo 0
Γä╣ duration_ms 1538.325

Γ£û failing tests:

test at src\features\circles\prompts\promptLibrary.test.ts:61:3
Γ£û uses Australia/Sydney for late UTC evening (1094.6032ms)
  AssertionError [ERR_ASSERTION]: Expected values to be strictly equal:
  + actual - expected
  
  + '2026-07-12'
  - '2026-07-11'
              ^
  
      at TestContext.<anonymous> (file:///D:/Projects/glow-app/src/features/circles/prompts/promptLibrary.test.ts:63:12)
      at Test.runInAsyncScope (node:async_hooks:227:14)
      at Test.run (node:internal/test_runner/test:1306:25)
      at Test.start (node:internal/test_runner/test:1177:17)
      at node:internal/test_runner/test:1769:71
      at node:internal/per_context/primordials:466:82
      at new Promise (<anonymous>)
      at new SafePromise (node:internal/per_context/primordials:435:3)
      at node:internal/per_context/primordials:466:9
      at Array.map (<anonymous>) {
    generatedMessage: true,
    code: 'ERR_ASSERTION',
    actual: '2026-07-12',
    expected: '2026-07-11',
    operator: 'strictEqual',
    diff: 'simple'
  }

test at src\features\circles\prompts\promptLibrary.test.ts:66:3
Γ£û rolls forward across Sydney midnight (0.4113ms)
  AssertionError [ERR_ASSERTION]: Expected values to be strictly equal:
  + actual - expected
  
  + '2026-07-11'
  - '2026-07-12'
              ^
  
      at TestContext.<anonymous> (file:///D:/Projects/glow-app/src/features/circles/prompts/promptLibrary.test.ts:68:12)
      at Test.runInAsyncScope (node:async_hooks:227:14)
      at Test.run (node:internal/test_runner/test:1306:25)
      at Suite.processPendingSubtests (node:internal/test_runner/test:897:18)
      at Test.postRun (node:internal/test_runner/test:1447:19)
      at Test.run (node:internal/test_runner/test:1372:12)
      at process.processTicksAndRejections (node:internal/process/task_queues:104:5)
      at async Promise.all (index 0)
      at async Suite.run (node:internal/test_runner/test:1771:7)
      at async Test.processPendingSubtests (node:internal/test_runner/test:897:7) {
    generatedMessage: true,
    code: 'ERR_ASSERTION',
    actual: '2026-07-11',
    expected: '2026-07-12',
    operator: 'strictEqual',
    diff: 'simple'
  }
